== python training_models_v1.py check-runtime --config phase1.gpu.json (2026-09-20T10:48:38Z)
{
  "device": "cuda",
  "precision": "bf16",
  "attention": "sdpa",
  "platform": "Linux",
  "machine": "x86_64",
  "macos": "",
  "torch": "2.8.0+cu128",
  "mps_fallback": false,
  "gpu": "NVIDIA A40"
}
== python training_models_v1.py check-hub --config phase1.gpu.json (2026-09-20T10:48:41Z)
[hub] destination: abubakarilyas624/ecfr-title12-<stage>-<fingerprint>; private=True
== python training_models_v1.py audit-corpus --config phase1.gpu.json (2026-09-20T10:48:41Z)
{
  "passed": true,
  "documents": 1128,
  "inventory_elements": 18747,
  "body_characters": 4196453
}
== python training_models_v1.py pretrain --smoke --config phase1.gpu.json (2026-09-20T10:48:45Z)
{
  "passed": true,
  "documents": 1128,
  "inventory_elements": 18747,
  "body_characters": 4196453
}
`torch_dtype` is deprecated! Use `dtype` instead!
  0%|          | 0/2 [00:00<?, ?it/s] 50%|█████     | 1/2 [00:00<00:00,  1.90it/s]                                             {'loss': 1.5006, 'grad_norm': 0.4916999638080597, 'learning_rate': 0.0, 'epoch': 0.08}
 50%|█████     | 1/2 [00:00<00:00,  1.90it/s]100%|██████████| 2/2 [00:01<00:00,  1.67it/s]                                             {'loss': 2.1578, 'grad_norm': 0.5993685722351074, 'learning_rate': 0.0001, 'epoch': 0.17}
100%|██████████| 2/2 [00:01<00:00,  1.67it/s]/usr/local/lib/python3.12/dist-packages/transformers/trainer.py:4380: UserWarning: mtime may not be reliable on this filesystem, falling back to numerical ordering
  warnings.warn("mtime may not be reliable on this filesystem, falling back to numerical ordering")
                                             {'train_runtime': 1.4604, 'train_samples_per_second': 1.369, 'train_steps_per_second': 1.369, 'train_loss': 1.8292338848114014, 'epoch': 0.17}
100%|██████████| 2/2 [00:01<00:00,  1.67it/s]100%|██████████| 2/2 [00:01<00:00,  1.37it/s]
== python training_models_v1.py pretrain --config phase1.gpu.json (2026-09-20T10:49:09Z)
[hub] destination: abubakarilyas624/ecfr-title12-<stage>-<fingerprint>; private=True
{
  "passed": true,
  "documents": 1128,
  "inventory_elements": 18747,
  "body_characters": 4196453
}
{
  "passed": true,
  "documents": 1128,
  "inventory_elements": 18747,
  "body_characters": 4196453
}
`torch_dtype` is deprecated! Use `dtype` instead!
Loading checkpoint shards:   0%|          | 0/4 [00:00<?, ?it/s]Loading checkpoint shards: 100%|██████████| 4/4 [00:00<00:00, 88.27it/s]
  0%|          | 0/360 [00:00<?, ?it/s]  0%|          | 1/360 [00:17<1:45:42, 17.67s/it]  1%|          | 2/360 [00:29<1:23:36, 14.01s/it]